83.71.40.139 - - [30/Jul/2015:17:00:16 -0700] "GET /socview/0306SCW.htm HTTP/1.1" 200 5296 "https://www.google.ie/" "Mozilla/5.0 (iPad; CPU OS 8_4 like Mac OS X) AppleWebKit/600.1.4 (KHTML, like Gecko) Version/8.0 Mobile/12H143 Safari/600.1.4" "redlug.com"
83.71.40.139 - - [30/Jul/2015:17:00:16 -0700] "GET /cwi.css HTTP/1.1" 404 88 "http://redlug.com/socview/0306SCW.htm" "Mozilla/5.0 (iPad; CPU OS 8_4 like Mac OS X) AppleWebKit/600.1.4 (KHTML, like Gecko) Version/8.0 Mobile/12H143 Safari/600.1.4" "redlug.com"
66.249.75.241 - - [30/Jul/2015:17:01:42 -0700] "GET /sitemap/%E2%80%9Chttp://www.geocities.com/socialistparty/Socialist/0502Pensions.htm%22 HTTP/1.1" 404 89 "-" "Mozilla/5.0 (compatible; Googlebot/2.1; +http://www.google.com/bot.html)" "redlug.com"
31.184.238.128 - - [30/Jul/2015:17:06:09 -0700] "GET /logs/access.log HTTP/1.1" 200 764 "http://idutasteride.aircus.com" "Mozilla/5.0 (Windows NT 5.1) AppleWebKit/537.36 (KHTML, like Gecko) Chrome/32.0.1700.76 Safari/537.36" "redlug.com"
91.116.246.72 - - [30/Jul/2015:17:08:07 -0700] "GET /logs/access.log HTTP/1.1" 200 1002 "-" "Mozilla/5.0 (X11; Linux x86_64; rv:2.0b8pre) Gecko/20101011 Firefox/4.0b8pre" "redlug.com"
31.184.238.128 - - [30/Jul/2015:17:08:42 -0700] "GET /logs/access.log HTTP/1.1" 200 1186 "http://gravatar.com/buyglipizide2015" "Mozilla/5.0 (Windows NT 6.1; WOW64) AppleWebKit/537.36 (KHTML, like Gecko) Chrome/31.0.1650.63 Safari/537.36 OPR/18.0.1284.68" "redlug.com"
120.203.159.17 - - [30/Jul/2015:17:15:01 -0700] "GET /logs/access.log HTTP/1.1" 200 1455 "http://redlug.com/" "Mozilla/5.0 (Windows NT 5.1) AppleWebKit/537.36 (KHTML, like Gecko) Chrome/39.0.2171.99 Safari/537.36" "redlug.com"
31.184.238.128 - - [30/Jul/2015:17:18:50 -0700] "GET /logs/access.log HTTP/1.1" 200 1682 "http://ordertizanidine4mg.aircus.com" "Mozilla/5.0 (Windows NT 6.1; WOW64; rv:26.0) Gecko/20100101 Firefox/26.0" "redlug.com"
31.184.238.128 - - [30/Jul/2015:17:21:27 -0700] "GET /logs/access.log HTTP/1.1" 200 1898 "http://gravatar.com/orderterbinafineonline" "Mozilla/5.0 (Windows NT 6.1) AppleWebKit/537.36 (KHTML, like Gecko) Chrome/32.0.1700.102 Safari/537.36" "redlug.com"
104.223.25.93 - - [30/Jul/2015:17:29:11 -0700] "GET /logs/access_130617.log HTTP/1.1" 404 88 "http://redlug.com/" "Mozilla/5.0 (Windows NT 5.1) AppleWebKit/537.36 (KHTML, like Gecko) Chrome/39.0.2171.99 Safari/537.36" "redlug.com"
104.223.25.93 - - [30/Jul/2015:17:29:12 -0700] "GET / HTTP/1.1" 200 1271 "http://redlug.com" "Mozilla/5.0 (Windows NT 5.1) AppleWebKit/537.36 (KHTML, like Gecko) Chrome/39.0.2171.99 Safari/537.36" "redlug.com"
31.184.238.128 - - [30/Jul/2015:17:31:40 -0700] "GET /logs/access.log HTTP/1.1" 200 2591 "http://ju9promethazine25mg.over-blog.com" "Mozilla/5.0 (Windows NT 6.1; WOW64) AppleWebKit/537.36 (KHTML, like Gecko) Chrome/30.0.1599.13014 YaBrowser/13.12.1599.13014 Safari/537.36" "redlug.com"
31.184.238.128 - - [30/Jul/2015:17:34:14 -0700] "GET /logs/access.log HTTP/1.1" 200 2877 "http://gravatar.com/buynaprosynau" "Opera/9.80 (Windows NT 6.1; WOW64) Presto/2.12.388 Version/12.16" "redlug.com"
31.184.238.128 - - [30/Jul/2015:17:46:56 -0700] "GET /logs/access.log HTTP/1.1" 200 3082 "http://pepcidgy.forumcircle.com" "Mozilla/5.0 (Windows NT 6.1; WOW64) AppleWebKit/537.36 (KHTML, like Gecko) Chrome/32.0.1700.107 Safari/537.36" "redlug.com"
180.76.15.15 - - [30/Jul/2015:17:48:53 -0700] "GET /robots.txt HTTP/1.1" 200 53 "-" "Mozilla/5.0 (Windows NT 5.1; rv:6.0.2) Gecko/20100101 Firefox/6.0.2" "redlug.com"
69.196.253.30 - - [30/Jul/2015:17:52:33 -0700] "HEAD /Documents/Ali.htm HTTP/1.1" 200 - "-" "Java/1.7.0_45" "www.redlug.com"
69.196.253.30 - - [30/Jul/2015:17:52:34 -0700] "GET /Documents/Ali.htm HTTP/1.1" 200 19746 "-" "Blackboard Safeassign" "www.redlug.com"
192.187.100.154 - - [30/Jul/2015:17:53:31 -0700] "GET /logs/access.log HTTP/1.1" 200 1027 "http://redlug.com/" "Mozilla/5.0 (Windows NT 5.1) AppleWebKit/537.36 (KHTML, like Gecko) Chrome/39.0.2171.99 Safari/537.36" "redlug.com"
31.184.238.128 - - [30/Jul/2015:17:57:10 -0700] "GET /logs/access.log HTTP/1.1" 200 3986 "http://www.theknot.com/wedding/delivery-and-allopurinol" "Opera/9.80 (Windows NT 6.1; WOW64) Presto/2.12.388 Version/12.15" "redlug.com"
31.184.238.128 - - [30/Jul/2015:17:59:50 -0700] "GET /logs/access.log HTTP/1.1" 200 4213 "http://tenormin100mgpb.forumcircle.com" "Mozilla/5.0 (Windows NT 6.1; WOW64) AppleWebKit/537.36 (KHTML, like Gecko) Chrome/30.0.1599.13014 YaBrowser/13.12.1599.13014 Safari/537.36" "redlug.com"
158.222.3.10 - - [30/Jul/2015:18:00:06 -0700] "GET /logs/access_140810.log HTTP/1.1" 200 53940 "http://redlug.com/" "Mozilla/5.0 (Windows NT 5.1; rv:34.0) Gecko/20100101 Firefox/34.0" "redlug.com"
178.137.87.228 - - [30/Jul/2015:18:01:57 -0700] "GET /logs/ HTTP/1.1" 200 58097 "http://dostavka-v-krym.com/" "Mozilla/4.0 (compatible; MSIE 6.0; Windows NT 5.1; SV1; FunWebProducts; MRA 4.6 (build 01425); .NET CLR 1.1.4322; .NET CLR 2.0.50727)" "redlug.com"
178.137.87.228 - - [30/Jul/2015:18:01:58 -0700] "GET /logs/ HTTP/1.1" 200 58097 "http://dostavka-v-krym.com/" "Mozilla/4.0 (compatible; MSIE 6.0; Windows NT 5.1; SV1; FunWebProducts; MRA 4.6 (build 01425); .NET CLR 1.1.4322; .NET CLR 2.0.50727)" "redlug.com"
5.157.14.234 - - [30/Jul/2015:18:02:32 -0700] "GET /logs/access_150224.log HTTP/1.1" 200 40272 "http://redlug.com/" "Mozilla/5.0 (Windows NT 5.1; rv:34.0) Gecko/20100101 Firefox/34.0" "redlug.com"
5.157.14.234 - - [30/Jul/2015:18:02:34 -0700] "GET /wp-login.php?action=register HTTP/1.1" 404 88 "http://redlug.com/" "Opera/9.80 (Windows NT 6.2; Win64; x64) Presto/2.12.388 Version/12.17" "redlug.com"
5.157.14.234 - - [30/Jul/2015:18:02:34 -0700] "GET /wp-login.php?action=register HTTP/1.1" 404 88 "http://redlug.com/wp-login.php?action=register" "Opera/9.80 (Windows NT 6.2; Win64; x64) Presto/2.12.388 Version/12.17" "redlug.com"
91.116.246.72 - - [30/Jul/2015:18:09:49 -0700] "GET /logs/access.log HTTP/1.1" 200 5845 "-" "Mozilla/5.0 (X11; Linux x86_64; rv:2.0b8pre) Gecko/20101011 Firefox/4.0b8pre" "redlug.com"
192.187.100.154 - - [30/Jul/2015:18:10:12 -0700] "GET /logs/access.log HTTP/1.1" 200 1383 "http://redlug.com/" "Mozilla/5.0 (Windows NT 5.1) AppleWebKit/537.36 (KHTML, like Gecko) Chrome/39.0.2171.99 Safari/537.36" "redlug.com"
180.180.118.125 - - [30/Jul/2015:18:10:23 -0700] "GET /logs/access.log HTTP/1.1" 200 1402 "http://redlug.com/" "Mozilla/5.0 (Windows NT 5.1; rv:34.0) Gecko/20100101 Firefox/34.0" "redlug.com"
31.184.238.128 - - [30/Jul/2015:18:10:23 -0700] "GET /logs/access.log HTTP/1.1" 200 6257 "http://gravatar.com/fimapilhawahli" "Mozilla/5.0 (Windows NT 6.3; WOW64) AppleWebKit/537.36 (KHTML, like Gecko) Chrome/33.0.1750.117 Safari/537.36" "redlug.com"
180.180.118.125 - - [30/Jul/2015:18:10:23 -0700] "GET /wp-login.php?action=register HTTP/1.1" 404 88 "http://redlug.com/" "Opera/9.80 (Windows NT 6.2; Win64; x64) Presto/2.12.388 Version/12.17" "redlug.com"
180.180.118.125 - - [30/Jul/2015:18:10:23 -0700] "GET /wp-login.php?action=register HTTP/1.1" 404 88 "http://redlug.com/wp-login.php?action=register" "Opera/9.80 (Windows NT 6.2; Win64; x64) Presto/2.12.388 Version/12.17" "redlug.com"
180.180.99.67 - - [30/Jul/2015:18:12:56 -0700] "GET /logs/access.log HTTP/1.1" 200 1470 "http://redlug.com/" "Mozilla/5.0 (Windows NT 5.1; rv:34.0) Gecko/20100101 Firefox/34.0" "redlug.com"
180.180.99.67 - - [30/Jul/2015:18:12:56 -0700] "GET /wp-login.php?action=register HTTP/1.1" 404 88 "http://redlug.com/" "Opera/9.80 (Windows NT 6.2; Win64; x64) Presto/2.12.388 Version/12.17" "redlug.com"
180.180.99.67 - - [30/Jul/2015:18:12:56 -0700] "GET /wp-login.php?action=register HTTP/1.1" 404 88 "http://redlug.com/wp-login.php?action=register" "Opera/9.80 (Windows NT 6.2; Win64; x64) Presto/2.12.388 Version/12.17" "redlug.com"
31.184.238.128 - - [30/Jul/2015:18:12:59 -0700] "GET /logs/access.log HTTP/1.1" 200 7770 "http://buy-fluticasone-safely.over-blog.com" "Opera/9.80 (Windows NT 6.1) Presto/2.12.388 Version/12.16" "redlug.com"
104.154.16.112 - - [30/Jul/2015:18:16:25 -0700] "GET /paperarticles/mar02candidates.htm HTTP/1.1" 200 7022 "-" "Mozilla/5.0 (X11; Linux x86_64) AppleWebKit/537.36 (KHTML, like Gecko) Chrome/46.0.2468.0 Safari/537.36" "redlug.com"
104.154.16.112 - - [30/Jul/2015:18:16:26 -0700] "GET /cwi.css HTTP/1.1" 404 88 "http://redlug.com/paperarticles/mar02candidates.htm" "Mozilla/5.0 (X11; Linux x86_64) AppleWebKit/537.36 (KHTML, like Gecko) Chrome/46.0.2468.0 Safari/537.36" "redlug.com"
104.154.16.112 - - [30/Jul/2015:18:16:29 -0700] "GET /favicon.ico HTTP/1.1" 404 89 "http://redlug.com/paperarticles/mar02candidates.htm" "Mozilla/5.0 (X11; Linux x86_64) AppleWebKit/537.36 (KHTML, like Gecko) Chrome/46.0.2468.0 Safari/537.36" "redlug.com"
207.188.135.34 - - [30/Jul/2015:18:20:52 -0700] "GET /logs/access_130907.log HTTP/1.1" 404 88 "http://redlug.com/" "Mozilla/5.0 (Windows NT 5.1) AppleWebKit/537.36 (KHTML, like Gecko) Chrome/39.0.2171.99 Safari/537.36" "redlug.com"
207.188.135.34 - - [30/Jul/2015:18:20:53 -0700] "GET / HTTP/1.1" 200 1271 "http://redlug.com" "Mozilla/5.0 (Windows NT 5.1) AppleWebKit/537.36 (KHTML, like Gecko) Chrome/39.0.2171.99 Safari/537.36" "redlug.com"
46.29.250.219 - - [30/Jul/2015:18:23:19 -0700] "GET /logs/access.log HTTP/1.1" 200 1655 "http://redlug.com/" "Mozilla/5.0 (Windows NT 5.1) AppleWebKit/537.36 (KHTML, like Gecko) Chrome/39.0.2171.99 Safari/537.36" "redlug.com"
31.184.238.128 - - [30/Jul/2015:18:23:22 -0700] "GET /logs/access.log HTTP/1.1" 200 9385 "http://gravatar.com/orderavodartnoprescription" "Mozilla/5.0 (Windows NT 6.1; WOW64; rv:26.0) Gecko/20100101 Firefox/26.0" "redlug.com"
45.59.26.25 - - [30/Jul/2015:18:25:52 -0700] "GET /logs/access_130616.log HTTP/1.1" 404 89 "http://redlug.com/" "Mozilla/5.0 (Windows NT 5.1; rv:34.0) Gecko/20100101 Firefox/34.0" "redlug.com"
45.59.26.25 - - [30/Jul/2015:18:25:53 -0700] "GET / HTTP/1.1" 200 1271 "http://redlug.com" "Mozilla/5.0 (Windows NT 5.1; rv:34.0) Gecko/20100101 Firefox/34.0" "redlug.com"
31.184.238.128 - - [30/Jul/2015:18:26:11 -0700] "GET /logs/access.log HTTP/1.1" 200 9976 "http://gravatar.com/trichelemasansa" "Mozilla/5.0 (Windows NT 6.1; WOW64) AppleWebKit/537.36 (KHTML, like Gecko) Chrome/32.0.1700.102 Safari/537.36 OPR/19.0.1326.59" "redlug.com"
104.251.93.141 - - [30/Jul/2015:18:27:43 -0700] "GET /logs/access.log HTTP/1.1" 200 1780 "http://redlug.com/" "Mozilla/5.0 (Windows NT 5.1) AppleWebKit/537.36 (KHTML, like Gecko) Chrome/39.0.2171.99 Safari/537.36" "redlug.com"
104.251.93.141 - - [30/Jul/2015:18:27:43 -0700] "GET /wp-login.php?action=register HTTP/1.1" 404 88 "http://redlug.com/" "Opera/9.80 (Windows NT 6.2; Win64; x64) Presto/2.12.388 Version/12.17" "redlug.com"
104.251.93.141 - - [30/Jul/2015:18:27:44 -0700] "GET /wp-login.php?action=register HTTP/1.1" 404 88 "http://redlug.com/wp-login.php?action=register" "Opera/9.80 (Windows NT 6.2; Win64; x64) Presto/2.12.388 Version/12.17" "redlug.com"
222.77.229.94 - - [30/Jul/2015:18:28:09 -0700] "GET /logs/access_130913.log HTTP/1.1" 404 88 "-" "Mozilla/4.0 (compatible; MSIE 6.0; Windows NT 5.1; SV1; Mozilla/4.0 (compatible; MSIE 6.0; Windows NT 5.1; SV1) ; .NET CLR 2.0.50727 ; .NET CLR 4.0.30319)" "redlug.com"
95.211.224.141 - - [30/Jul/2015:18:29:06 -0700] "GET / HTTP/1.1" 200 9589 "-" "Mozilla/5.0 (Macintosh; U; Intel Mac OS X 10_6_3; en-us) AppleWebKit/531.22.7 (KHTML, like Gecko) Version/4.0.5 Safari/531.22.7" "redlug.com"
95.211.224.141 - - [30/Jul/2015:18:29:10 -0700] "GET / HTTP/1.1" 200 9589 "-" "Mozilla/4.0 (compatible; MSIE 6.0; Windows NT 5.1) Opera 7.23  [en-GB]" "redlug.com"
95.211.224.141 - - [30/Jul/2015:18:29:19 -0700] "GET / HTTP/1.1" 200 9589 "-" "Mozilla/4.0 (compatible; MSIE 6.0; Windows NT 5.1; SV1; GTB6; .NET CLR 1.1.4322; .NET CLR 2.0.50727; .NET CLR 3.0.04506.648; .NET CLR 3.5.21022) Sleipnir/2.46" "redlug.com"
180.180.116.183 - - [30/Jul/2015:18:35:42 -0700] "GET /logs/access.log HTTP/1.1" 200 1997 "http://redlug.com/" "Mozilla/5.0 (Windows NT 5.1; rv:34.0) Gecko/20100101 Firefox/34.0" "redlug.com"
180.180.116.183 - - [30/Jul/2015:18:35:42 -0700] "GET /wp-login.php?action=register HTTP/1.1" 404 88 "http://redlug.com/" "Opera/9.80 (Windows NT 6.2; Win64; x64) Presto/2.12.388 Version/12.17" "redlug.com"
180.180.116.183 - - [30/Jul/2015:18:35:43 -0700] "GET /wp-login.php?action=register HTTP/1.1" 404 88 "http://redlug.com/wp-login.php?action=register" "Opera/9.80 (Windows NT 6.2; Win64; x64) Presto/2.12.388 Version/12.17" "redlug.com"
31.184.238.128 - - [30/Jul/2015:18:36:33 -0700] "GET /logs/access.log HTTP/1.1" 200 12450 "http://gravatar.com/orderphoslo667mg" "Mozilla/5.0 (Windows NT 5.1) AppleWebKit/537.36 (KHTML, like Gecko) Chrome/32.0.1700.102 Safari/537.36" "redlug.com"
31.184.238.128 - - [30/Jul/2015:18:39:14 -0700] "GET /logs/access.log HTTP/1.1" 200 12697 "http://www.theknot.com/wedding/price-and-cabergoline" "Mozilla/5.0 (Windows NT 6.1) AppleWebKit/537.36 (KHTML, like Gecko) Chrome/30.0.1599.13014 YaBrowser/13.12.1599.13014 Safari/537.36" "redlug.com"
207.46.13.38 - - [30/Jul/2015:18:40:46 -0700] "GET /pdf/che_sos.pdf HTTP/1.1" 200 207560 "-" "Mozilla/5.0 (iPhone; CPU iPhone OS 7_0 like Mac OS X) AppleWebKit/537.51.1 (KHTML, like Gecko) Version/7.0 Mobile/11A465 Safari/9537.53 (compatible; bingbot/2.0;  http://www.bing.com/bingbot.htm)" "redlug.com"
207.46.13.38 - - [30/Jul/2015:18:40:46 -0700] "GET /Publications/FWUCh2.htm HTTP/1.1" 200 5850 "-" "Mozilla/5.0 (compatible; bingbot/2.0; +http://www.bing.com/bingbot.htm)" "redlug.com"
180.180.106.129 - - [30/Jul/2015:18:49:15 -0700] "GET /logs/access_150224.log HTTP/1.1" 200 40272 "http://redlug.com/" "Mozilla/5.0 (Windows NT 5.1; rv:34.0) Gecko/20100101 Firefox/34.0" "redlug.com"
31.184.238.128 - - [30/Jul/2015:18:49:42 -0700] "GET /logs/access.log HTTP/1.1" 200 13679 "http://buy-furazolidone-safely.tumblr.com" "Mozilla/5.0 (Windows NT 5.1; rv:26.0) Gecko/20100101 Firefox/26.0" "redlug.com"
23.236.168.73 - - [30/Jul/2015:18:50:58 -0700] "GET /logs/access_130616.log HTTP/1.1" 404 88 "http://redlug.com/" "Mozilla/5.0 (Windows NT 5.1; rv:34.0) Gecko/20100101 Firefox/34.0" "redlug.com"
23.236.168.73 - - [30/Jul/2015:18:50:59 -0700] "GET / HTTP/1.1" 200 1271 "http://redlug.com" "Mozilla/5.0 (Windows NT 5.1; rv:34.0) Gecko/20100101 Firefox/34.0" "redlug.com"
31.184.238.128 - - [30/Jul/2015:18:52:16 -0700] "GET /logs/access.log HTTP/1.1" 200 14263 "http://gravatar.com/fintinacasroke" "Mozilla/5.0 (Windows NT 6.1; rv:27.0) Gecko/20100101 Firefox/27.0" "redlug.com"
31.184.238.128 - - [30/Jul/2015:19:02:46 -0700] "GET /logs/access.log HTTP/1.1" 200 14471 "http://buy-olmesartan-online-uk.page.tl" "Opera/9.80 (Windows NT 6.1; WOW64) Presto/2.12.388 Version/12.16" "redlug.com"
31.184.238.128 - - [30/Jul/2015:19:05:25 -0700] "GET /logs/access.log HTTP/1.1" 200 14683 "http://trandate200mgx3.forumcircle.com" "Mozilla/5.0 (Windows NT 6.1; WOW64) AppleWebKit/537.36 (KHTML, like Gecko) Chrome/30.0.1599.12785 YaBrowser/13.12.1599.12785 Safari/537.36" "redlug.com"
5.248.198.28 - - [30/Jul/2015:19:06:37 -0700] "GET /logs/ HTTP/1.1" 200 58097 "http://bablonow.ru/" "Mozilla/4.0 (compatible; MSIE 6.0; Update a; AOL 6.0; Windows 98)" "redlug.com"
5.248.198.28 - - [30/Jul/2015:19:06:38 -0700] "GET /logs/ HTTP/1.1" 200 58097 "http://bablonow.ru/" "Mozilla/4.0 (compatible; MSIE 6.0; Update a; AOL 6.0; Windows 98)" "redlug.com"
5.248.198.28 - - [30/Jul/2015:19:06:39 -0700] "GET /logs/ HTTP/1.1" 200 58097 "http://bablonow.ru/" "Mozilla/4.0 (compatible; MSIE 6.0; Update a; AOL 6.0; Windows 98)" "redlug.com"
117.169.1.37 - - [30/Jul/2015:19:07:38 -0700] "GET /logs/access.log HTTP/1.1" 200 3079 "http://redlug.com/" "Mozilla/5.0 (Windows NT 5.1) AppleWebKit/537.36 (KHTML, like Gecko) Chrome/39.0.2171.99 Safari/537.36" "redlug.com"
103.27.24.236 - - [30/Jul/2015:19:07:49 -0700] "GET /logs/access.log HTTP/1.1" 200 2492 "http://redlug.com/" "Mozilla/5.0 (Windows NT 5.1; rv:34.0) Gecko/20100101 Firefox/34.0" "redlug.com"
103.27.24.236 - - [30/Jul/2015:19:07:50 -0700] "GET /wp-login.php?action=register HTTP/1.1" 404 88 "http://redlug.com/" "Opera/9.80 (Windows NT 6.2; Win64; x64) Presto/2.12.388 Version/12.17" "redlug.com"
103.27.24.236 - - [30/Jul/2015:19:07:51 -0700] "GET /wp-login.php?action=register HTTP/1.1" 404 88 "http://redlug.com/wp-login.php?action=register" "Opera/9.80 (Windows NT 6.2; Win64; x64) Presto/2.12.388 Version/12.17" "redlug.com"
117.169.1.37 - - [30/Jul/2015:19:08:02 -0700] "GET /wp-login.php?action=register HTTP/1.1" 404 88 "http://redlug.com/" "Opera/9.80 (Windows NT 6.2; Win64; x64) Presto/2.12.388 Version/12.17" "redlug.com"
117.169.1.37 - - [30/Jul/2015:19:08:04 -0700] "GET /wp-login.php?action=register HTTP/1.1" 404 88 "http://redlug.com/wp-login.php?action=register" "Opera/9.80 (Windows NT 6.2; Win64; x64) Presto/2.12.388 Version/12.17" "redlug.com"
91.116.246.72 - - [30/Jul/2015:19:11:31 -0700] "GET /logs/access.log HTTP/1.1" 200 16800 "-" "Mozilla/5.0 (X11; Linux x86_64; rv:2.0b8pre) Gecko/20101011 Firefox/4.0b8pre" "redlug.com"
157.55.39.248 - - [30/Jul/2015:19:11:52 -0700] "GET /05MayBLNipsa.htm HTTP/1.1" 404 88 "-" "Mozilla/5.0 (compatible; bingbot/2.0; +http://www.bing.com/bingbot.htm)" "www.redlug.com"
31.184.238.128 - - [30/Jul/2015:19:18:35 -0700] "GET /logs/access.log HTTP/1.1" 200 17167 "http://gravatar.com/vytumihertohe" "Mozilla/5.0 (Windows NT 5.1) AppleWebKit/537.36 (KHTML, like Gecko) Chrome/32.0.1700.76 Safari/537.36" "redlug.com"
94.23.16.23 - - [30/Jul/2015:19:20:47 -0700] "GET /logs/access_140815.log HTTP/1.1" 200 197949 "http://redlug.com/" "Mozilla/5.0 (Windows NT 5.1; rv:34.0) Gecko/20100101 Firefox/34.0" "redlug.com"
68.180.228.25 - - [30/Jul/2015:19:28:34 -0700] "GET /sitemap/0403Bus.htm HTTP/1.1" 404 88 "-" "Mozilla/5.0 (compatible; Yahoo! Slurp; http://help.yahoo.com/help/us/ysearch/slurp)" "redlug.com"
31.184.238.128 - - [30/Jul/2015:19:28:59 -0700] "GET /logs/access.log HTTP/1.1" 200 17800 "http://0ycleocin150mg.forumcircle.com" "Mozilla/5.0 (iPad; CPU OS 7_0_4 like Mac OS X) AppleWebKit/537.51.1 (KHTML, like Gecko) Version/7.0 Mobile/11B554a Safari/9537.53" "redlug.com"
31.184.238.128 - - [30/Jul/2015:19:31:29 -0700] "GET /logs/access.log HTTP/1.1" 200 18075 "http://feldenew58.forumcircle.com" "Mozilla/5.0 (Windows NT 6.3; WOW64) AppleWebKit/537.36 (KHTML, like Gecko) Chrome/32.0.1700.107 Safari/537.36" "redlug.com"
31.184.238.128 - - [30/Jul/2015:19:41:51 -0700] "GET /logs/access.log HTTP/1.1" 200 18326 "http://buy-olmesartan-online.aircus.com" "Mozilla/5.0 (Windows NT 6.1; WOW64) AppleWebKit/537.36 (KHTML, like Gecko) Chrome/32.0.1700.107 Safari/537.36" "redlug.com"
31.184.238.128 - - [30/Jul/2015:19:44:16 -0700] "GET /logs/access.log HTTP/1.1" 200 18583 "http://www.theknot.com/wedding/thyroxine-and-shipping" "Mozilla/5.0 (Windows NT 6.1; WOW64) AppleWebKit/537.36 (KHTML, like Gecko) Chrome/32.0.1700.102 Safari/537.36 OPR/19.0.1326.59" "redlug.com"
192.187.100.154 - - [30/Jul/2015:19:44:48 -0700] "GET /logs/access.log HTTP/1.1" 200 2844 "http://redlug.com/" "Mozilla/5.0 (Windows NT 5.1) AppleWebKit/537.36 (KHTML, like Gecko) Chrome/39.0.2171.99 Safari/537.36" "redlug.com"
157.55.39.141 - - [30/Jul/2015:19:45:50 -0700] "GET /Election07/News.htm HTTP/1.1" 200 1407 "-" "Mozilla/5.0 (compatible; bingbot/2.0; +http://www.bing.com/bingbot.htm)" "redlug.com"
157.55.39.141 - - [30/Jul/2015:19:45:50 -0700] "GET /socview/13-Ven HTTP/1.1" 200 3155 "-" "Mozilla/5.0 (compatible; bingbot/2.0; +http://www.bing.com/bingbot.htm)" "redlug.com"
192.187.100.154 - - [30/Jul/2015:19:53:43 -0700] "GET /logs/access.log HTTP/1.1" 200 2908 "http://redlug.com/" "Mozilla/5.0 (Windows NT 5.1) AppleWebKit/537.36 (KHTML, like Gecko) Chrome/39.0.2171.99 Safari/537.36" "redlug.com"
100.43.91.24 - - [30/Jul/2015:19:53:46 -0700] "GET /robots.txt HTTP/1.1" 200 37 "-" "Mozilla/5.0 (compatible; YandexBot/3.0; +http://yandex.com/bots)" "redlug.com"
31.184.238.128 - - [30/Jul/2015:19:54:40 -0700] "GET /logs/access.log HTTP/1.1" 200 19852 "http://www.theknot.com/wedding/imdur-and-prescription" "Mozilla/5.0 (Windows NT 6.2; WOW64) AppleWebKit/537.36 (KHTML, like Gecko) Chrome/32.0.1700.107 Safari/537.36" "redlug.com"
66.249.75.241 - - [30/Jul/2015:19:57:02 -0700] "GET /socview/svspring01I.htm HTTP/1.1" 200 2085 "-" "SAMSUNG-SGH-E250/1.0 Profile/MIDP-2.0 Configuration/CLDC-1.1 UP.Browser/6.2.3.3.c.1.101 (GUI) MMP/2.0 (compatible; Googlebot-Mobile/2.1; +http://www.google.com/bot.html)" "redlug.com"
31.184.238.128 - - [30/Jul/2015:19:57:15 -0700] "GET /logs/access.log HTTP/1.1" 200 20408 "http://vasotec20mg2l9.forumcircle.com" "Mozilla/5.0 (Windows NT 6.3; WOW64) AppleWebKit/537.36 (KHTML, like Gecko) Chrome/33.0.1750.146 Safari/537.36" "redlug.com"
196.196.28.206 - - [30/Jul/2015:20:00:43 -0700] "GET /logs/access.log HTTP/1.1" 200 3130 "http://redlug.com/" "Mozilla/5.0 (Windows NT 5.1) AppleWebKit/537.36 (KHTML, like Gecko) Chrome/39.0.2171.99 Safari/537.36" "redlug.com"
196.196.28.206 - - [30/Jul/2015:20:00:46 -0700] "GET /wp-login.php?action=register HTTP/1.1" 404 88 "http://redlug.com/" "Opera/9.80 (Windows NT 6.2; Win64; x64) Presto/2.12.388 Version/12.17" "redlug.com"
196.196.28.206 - - [30/Jul/2015:20:00:47 -0700] "GET /wp-login.php?action=register HTTP/1.1" 404 88 "http://redlug.com/wp-login.php?action=register" "Opera/9.80 (Windows NT 6.2; Win64; x64) Presto/2.12.388 Version/12.17" "redlug.com"
196.196.28.206 - - [30/Jul/2015:20:00:48 -0700] "GET /logs/access.log HTTP/1.1" 200 3167 "http://redlug.com/" "Opera/9.80 (Windows NT 6.2; Win64; x64) Presto/2.12.388 Version/12.17" "redlug.com"
117.169.1.68 - - [30/Jul/2015:20:03:23 -0700] "GET /logs/access.log HTTP/1.1" 200 3178 "http://redlug.com/" "Mozilla/5.0 (Windows NT 5.1) AppleWebKit/537.36 (KHTML, like Gecko) Chrome/39.0.2171.99 Safari/537.36" "redlug.com"
117.169.1.68 - - [30/Jul/2015:20:04:02 -0700] "GET /wp-login.php?action=register HTTP/1.1" 404 88 "http://redlug.com/wp-login.php?action=register" "Opera/9.80 (Windows NT 6.2; Win64; x64) Presto/2.12.388 Version/12.17" "redlug.com"
31.184.238.128 - - [30/Jul/2015:20:07:44 -0700] "GET /logs/access.log HTTP/1.1" 200 21982 "http://gravatar.com/glucovance5mgxk" "Mozilla/5.0 (Windows NT 6.1) AppleWebKit/537.36 (KHTML, like Gecko) Chrome/30.0.1599.12785 YaBrowser/13.12.1599.12785 Safari/537.36" "redlug.com"
207.46.13.38 - - [30/Jul/2015:20:09:56 -0700] "GET /Assorted/?C=N;O=D HTTP/1.1" 200 1178 "-" "Mozilla/5.0 (compatible; bingbot/2.0; +http://www.bing.com/bingbot.htm)" "redlug.com"
31.184.238.128 - - [30/Jul/2015:20:10:21 -0700] "GET /logs/access.log HTTP/1.1" 200 22437 "http://gravatar.com/50tizanidine" "Mozilla/5.0 (Windows NT 6.1; WOW64) AppleWebKit/537.36 (KHTML, like Gecko) Chrome/33.0.1750.117 Safari/537.36 OPR/20.0.1387.64" "redlug.com"
111.1.36.133 - - [30/Jul/2015:20:11:25 -0700] "GET /logs/access.log HTTP/1.1" 200 22704 "http://redlug.com/" "Mozilla/5.0 (Windows NT 5.1; rv:34.0) Gecko/20100101 Firefox/34.0" "redlug.com"
111.1.36.133 - - [30/Jul/2015:20:11:26 -0700] "GET /wp-login.php?action=register HTTP/1.1" 404 88 "http://redlug.com/" "Opera/9.80 (Windows NT 6.2; Win64; x64) Presto/2.12.388 Version/12.17" "redlug.com"
111.1.36.133 - - [30/Jul/2015:20:11:27 -0700] "GET /wp-login.php?action=register HTTP/1.1" 404 88 "http://redlug.com/wp-login.php?action=register" "Opera/9.80 (Windows NT 6.2; Win64; x64) Presto/2.12.388 Version/12.17" "redlug.com"
180.180.118.201 - - [30/Jul/2015:20:13:09 -0700] "GET /logs/access.log HTTP/1.1" 200 3338 "http://redlug.com/" "Mozilla/5.0 (Windows NT 5.1; rv:34.0) Gecko/20100101 Firefox/34.0" "redlug.com"
180.180.118.201 - - [30/Jul/2015:20:13:10 -0700] "GET /wp-login.php?action=register HTTP/1.1" 404 88 "http://redlug.com/" "Opera/9.80 (Windows NT 6.2; Win64; x64) Presto/2.12.388 Version/12.17" "redlug.com"
180.180.118.201 - - [30/Jul/2015:20:13:10 -0700] "GET /wp-login.php?action=register HTTP/1.1" 404 88 "http://redlug.com/wp-login.php?action=register" "Opera/9.80 (Windows NT 6.2; Win64; x64) Presto/2.12.388 Version/12.17" "redlug.com"
91.116.246.72 - - [30/Jul/2015:20:13:20 -0700] "GET /logs/access.log HTTP/1.1" 200 23964 "-" "Mozilla/5.0 (X11; Linux x86_64; rv:2.0b8pre) Gecko/20101011 Firefox/4.0b8pre" "redlug.com"
31.184.238.128 - - [30/Jul/2015:20:20:45 -0700] "GET /logs/access.log HTTP/1.1" 200 24149 "http://66danazol.forumcircle.com" "Mozilla/5.0 (Windows NT 6.1; WOW64) AppleWebKit/537.36 (KHTML, like Gecko) Chrome/32.0.1700.102 Safari/537.36" "redlug.com"
173.193.126.163 - - [30/Jul/2015:20:20:55 -0700] "GET /Documents/Ali.htm HTTP/1.1" 200 19746 "-" "Mozilla/5.0 (Windows; U; Windows NT 6.1; en-US; rv:1.9.2.13) Gecko/20101203 Firefox/3.6.13" "www.redlug.com"
31.184.238.128 - - [30/Jul/2015:20:23:21 -0700] "GET /logs/access.log HTTP/1.1" 200 24606 "http://order-atomoxetine-40mg-online.aircus.com" "Mozilla/5.0 (Windows NT 6.1; WOW64) AppleWebKit/537.36 (KHTML, like Gecko) Chrome/33.0.1750.146 Safari/537.36" "redlug.com"
94.23.16.23 - - [30/Jul/2015:20:24:52 -0700] "GET /logs/access.log HTTP/1.1" 200 3492 "http://redlug.com/" "Mozilla/5.0 (Windows NT 5.1; rv:34.0) Gecko/20100101 Firefox/34.0" "redlug.com"
104.247.99.158 - - [30/Jul/2015:20:24:53 -0700] "GET /wp-login.php?action=register HTTP/1.1" 404 88 "http://redlug.com/" "Opera/9.80 (Windows NT 6.2; Win64; x64) Presto/2.12.388 Version/12.17" "redlug.com"
104.247.99.158 - - [30/Jul/2015:20:24:53 -0700] "GET /wp-login.php?action=register HTTP/1.1" 404 88 "http://redlug.com/wp-login.php?action=register" "Opera/9.80 (Windows NT 6.2; Win64; x64) Presto/2.12.388 Version/12.17" "redlug.com"
5.175.140.234 - - [30/Jul/2015:20:33:06 -0700] "GET /logs/access.log HTTP/1.1" 200 4141 "http://redlug.com/" "Mozilla/5.0 (Windows NT 5.1; rv:34.0) Gecko/20100101 Firefox/34.0" "redlug.com"
5.175.140.234 - - [30/Jul/2015:20:33:07 -0700] "GET /wp-login.php?action=register HTTP/1.1" 404 88 "http://redlug.com/" "Opera/9.80 (Windows NT 6.2; Win64; x64) Presto/2.12.388 Version/12.17" "redlug.com"
5.175.140.234 - - [30/Jul/2015:20:33:07 -0700] "GET /wp-login.php?action=register HTTP/1.1" 404 88 "http://redlug.com/wp-login.php?action=register" "Opera/9.80 (Windows NT 6.2; Win64; x64) Presto/2.12.388 Version/12.17" "redlug.com"
31.184.238.128 - - [30/Jul/2015:20:33:46 -0700] "GET /logs/access.log HTTP/1.1" 200 26127 "http://www.theknot.com/wedding/prescription-and-minocycline" "Mozilla/5.0 (Windows NT 6.1) AppleWebKit/537.36 (KHTML, like Gecko) Chrome/33.0.1750.146 Safari/537.36" "redlug.com"
31.184.238.128 - - [30/Jul/2015:20:36:22 -0700] "GET /logs/access.log HTTP/1.1" 200 26397 "http://buythyroxine.over-blog.com" "Mozilla/5.0 (Windows NT 6.1; WOW64) AppleWebKit/537.36 (KHTML, like Gecko) Chrome/32.0.1700.107 Safari/537.36" "redlug.com"
175.44.18.199 - - [30/Jul/2015:20:39:56 -0700] "GET /logs/access_150224.log HTTP/1.1" 200 40272 "http://redlug.com/" "Mozilla/5.0 (Windows NT 5.1; rv:34.0) Gecko/20100101 Firefox/34.0" "redlug.com"
175.44.18.199 - - [30/Jul/2015:20:39:58 -0700] "GET /wp-login.php?action=register HTTP/1.1" 404 88 "http://redlug.com/" "Opera/9.80 (Windows NT 6.2; Win64; x64) Presto/2.12.388 Version/12.17" "redlug.com"
175.44.18.199 - - [30/Jul/2015:20:39:58 -0700] "GET /wp-login.php?action=register HTTP/1.1" 404 88 "http://redlug.com/wp-login.php?action=register" "Opera/9.80 (Windows NT 6.2; Win64; x64) Presto/2.12.388 Version/12.17" "redlug.com"
175.44.18.199 - - [30/Jul/2015:20:39:59 -0700] "GET /logs/access_150224.log HTTP/1.1" 200 40272 "http://redlug.com/" "Opera/9.80 (Windows NT 6.2; Win64; x64) Presto/2.12.388 Version/12.17" "redlug.com"
45.62.36.215 - - [30/Jul/2015:20:40:15 -0700] "GET /logs/access.log HTTP/1.1" 200 3662 "http://redlug.com/" "Mozilla/5.0 (Windows NT 5.1) AppleWebKit/537.36 (KHTML, like Gecko) Chrome/39.0.2171.99 Safari/537.36" "redlug.com"
45.62.36.215 - - [30/Jul/2015:20:40:16 -0700] "GET /wp-login.php?action=register HTTP/1.1" 404 88 "http://redlug.com/" "Opera/9.80 (Windows NT 6.2; Win64; x64) Presto/2.12.388 Version/12.17" "redlug.com"
45.62.36.215 - - [30/Jul/2015:20:40:16 -0700] "GET /wp-login.php?action=register HTTP/1.1" 404 88 "http://redlug.com/wp-login.php?action=register" "Opera/9.80 (Windows NT 6.2; Win64; x64) Presto/2.12.388 Version/12.17" "redlug.com"
59.98.144.46 - - [30/Jul/2015:20:40:54 -0700] "GET /pdf/che_sos.pdf HTTP/1.1" 200 207560 "https://www.google.co.in/" "Mozilla/5.0 (Windows NT 6.1; WOW64) AppleWebKit/537.36 (KHTML, like Gecko) Chrome/44.0.2403.125 Safari/537.36" "redlug.com"
59.98.144.46 - - [30/Jul/2015:20:40:56 -0700] "GET /pdf/che_sos.pdf HTTP/1.1" 206 32768 "http://redlug.com/pdf/che_sos.pdf" "Mozilla/5.0 (Windows NT 6.1; WOW64) AppleWebKit/537.36 (KHTML, like Gecko) Chrome/44.0.2403.125 Safari/537.36" "redlug.com"
59.98.144.46 - - [30/Jul/2015:20:41:01 -0700] "GET /pdf/che_sos.pdf HTTP/1.1" 206 174792 "http://redlug.com/pdf/che_sos.pdf" "Mozilla/5.0 (Windows NT 6.1; WOW64) AppleWebKit/537.36 (KHTML, like Gecko) Chrome/44.0.2403.125 Safari/537.36" "redlug.com"
157.55.39.141 - - [30/Jul/2015:20:44:48 -0700] "GET /socialistview.htm HTTP/1.1" 200 4649 "-" "Mozilla/5.0 (compatible; bingbot/2.0; +http://www.bing.com/bingbot.htm)" "redlug.com"
157.55.39.141 - - [30/Jul/2015:20:44:51 -0700] "GET /paper2004/0404Transport.htm HTTP/1.1" 200 2585 "-" "Mozilla/5.0 (compatible; bingbot/2.0; +http://www.bing.com/bingbot.htm)" "redlug.com"
157.55.39.141 - - [30/Jul/2015:20:44:51 -0700] "GET /cwi/IranianBus.htm HTTP/1.1" 200 2294 "-" "Mozilla/5.0 (compatible; bingbot/2.0; +http://www.bing.com/bingbot.htm)" "redlug.com"
108.234.93.158 - - [30/Jul/2015:20:45:59 -0700] "GET /logs/access.log HTTP/1.1" 200 4462 "http://redlug.com/" "Mozilla/5.0 (Windows NT 5.1) AppleWebKit/537.36 (KHTML, like Gecko) Chrome/39.0.2171.99 Safari/537.36" "redlug.com"
108.234.93.158 - - [30/Jul/2015:20:46:00 -0700] "GET /wp-login.php?action=register HTTP/1.1" 404 88 "http://redlug.com/" "Opera/9.80 (Windows NT 6.2; Win64; x64) Presto/2.12.388 Version/12.17" "redlug.com"
108.234.93.158 - - [30/Jul/2015:20:46:02 -0700] "GET /wp-login.php?action=register HTTP/1.1" 404 88 "http://redlug.com/wp-login.php?action=register" "Opera/9.80 (Windows NT 6.2; Win64; x64) Presto/2.12.388 Version/12.17" "redlug.com"
31.184.238.128 - - [30/Jul/2015:20:46:53 -0700] "GET /logs/access.log HTTP/1.1" 200 30109 "http://meloxicam-order.over-blog.com" "Mozilla/5.0 (Windows NT 6.0) AppleWebKit/537.36 (KHTML, like Gecko) Chrome/32.0.1700.107 Safari/537.36" "redlug.com"
31.184.238.128 - - [30/Jul/2015:20:49:29 -0700] "GET /logs/access.log HTTP/1.1" 200 30356 "http://gravatar.com/razgboonslomocenro" "Mozilla/5.0 (Windows NT 5.1) AppleWebKit/537.36 (KHTML, like Gecko) Chrome/32.0.1700.102 Safari/537.36" "redlug.com"
220.73.173.111 - - [30/Jul/2015:20:50:52 -0700] "GET /logs/ HTTP/1.1" 200 58097 "https://www.facebook.com/dcenergo" "Mozilla/5.0 (Windows NT 6.3; WOW64) AppleWebKit/537.36 (KHTML, like Gecko) Chrome/37.0.2062.124 YaBrowser/14.10.2062.12061 Safari/537.36" "redlug.com"
114.26.0.161 - - [30/Jul/2015:20:52:00 -0700] "GET /logs/ HTTP/1.1" 200 58097 "http://needja.ru/" "Mozilla/4.0 (compatible; MSIE 8.0; Windows NT 5.1; Trident/4.0; MRA 5.10 (build 5339); GTB7.5; .NET CLR 2.0.50727; .NET CLR 3.0.4506.2152; .NET CLR 3.5.30729; .NET4.0C; .NET4.0E; .NET CLR 1.1.4322)" "redlug.com"
31.184.238.128 - - [30/Jul/2015:20:59:51 -0700] "GET /logs/access.log HTTP/1.1" 200 31184 "http://gravatar.com/diflucantu" "Mozilla/5.0 (Windows NT 6.1; WOW64) AppleWebKit/537.36 (KHTML, like Gecko) Chrome/32.0.1700.102 Safari/537.36" "redlug.com"
157.55.39.141 - - [30/Jul/2015:21:02:28 -0700] "GET /robots.txt HTTP/1.1" 200 37 "-" "Mozilla/5.0 (compatible; bingbot/2.0; +http://www.bing.com/bingbot.htm)" "www.redlug.com"
31.184.238.128 - - [30/Jul/2015:21:02:32 -0700] "GET /logs/access.log HTTP/1.1" 200 31608 "http://www.theknot.com/wedding/ramipril-and-cheap" "Mozilla/5.0 (Windows NT 6.2; WOW64; rv:27.0) Gecko/20100101 Firefox/27.0" "redlug.com"
123.21.185.187 - - [30/Jul/2015:21:02:43 -0700] "GET /logs/access.log HTTP/1.1" 200 4156 "http://redlug.com/" "Mozilla/5.0 (Windows NT 5.1; rv:34.0) Gecko/20100101 Firefox/34.0" "redlug.com"
123.21.185.187 - - [30/Jul/2015:21:02:43 -0700] "GET /wp-login.php?action=register HTTP/1.1" 404 88 "http://redlug.com/" "Opera/9.80 (Windows NT 6.2; Win64; x64) Presto/2.12.388 Version/12.17" "redlug.com"
123.21.185.187 - - [30/Jul/2015:21:02:44 -0700] "GET /wp-login.php?action=register HTTP/1.1" 404 88 "http://redlug.com/wp-login.php?action=register" "Opera/9.80 (Windows NT 6.2; Win64; x64) Presto/2.12.388 Version/12.17" "redlug.com"
59.93.112.89 - - [30/Jul/2015:21:08:51 -0700] "GET /pdf/che_sos.pdf HTTP/1.1" 200 207560 "https://www.google.co.in/" "Mozilla/5.0 (Windows NT 6.3) AppleWebKit/537.36 (KHTML, like Gecko) Chrome/41.0.2272.118 Safari/537.36" "redlug.com"
59.93.112.89 - - [30/Jul/2015:21:08:51 -0700] "GET /pdf/che_sos.pdf HTTP/1.1" 206 32768 "http://redlug.com/pdf/che_sos.pdf" "Mozilla/5.0 (Windows NT 6.3) AppleWebKit/537.36 (KHTML, like Gecko) Chrome/41.0.2272.118 Safari/537.36" "redlug.com"
59.93.112.89 - - [30/Jul/2015:21:08:52 -0700] "GET /pdf/che_sos.pdf HTTP/1.1" 206 174792 "http://redlug.com/pdf/che_sos.pdf" "Mozilla/5.0 (Windows NT 6.3) AppleWebKit/537.36 (KHTML, like Gecko) Chrome/41.0.2272.118 Safari/537.36" "redlug.com"
59.93.112.89 - - [30/Jul/2015:21:08:58 -0700] "GET /favicon.ico HTTP/1.1" 404 89 "-" "Mozilla/5.0 (Windows NT 6.3) AppleWebKit/537.36 (KHTML, like Gecko) Chrome/41.0.2272.118 Safari/537.36" "redlug.com"
45.35.20.131 - - [30/Jul/2015:21:10:10 -0700] "GET /wp-login.php HTTP/1.1" 404 73 "http://redlug.com/wp-login.php" "Mozilla/4.0 (compatible; MSIE 9.0; Windows NT 6.1; 125LA; .NET CLR 2.0.50727; .NET CLR 3.0.04506.648; .NET CLR 3.5.21022)" "redlug.com"
45.35.20.131 - - [30/Jul/2015:21:10:10 -0700] "GET /wp-login.php HTTP/1.1" 404 73 "http://redlug.com/wp-login.php" "Mozilla/4.0 (compatible; MSIE 9.0; Windows NT 6.1; 125LA; .NET CLR 2.0.50727; .NET CLR 3.0.04506.648; .NET CLR 3.5.21022)" "redlug.com"
157.55.39.141 - - [30/Jul/2015:21:10:18 -0700] "GET /logs/access_140415.log HTTP/1.1" 404 88 "-" "Mozilla/5.0 (compatible; bingbot/2.0; +http://www.bing.com/bingbot.htm)" "www.redlug.com"
31.184.238.128 - - [30/Jul/2015:21:12:57 -0700] "GET /logs/access.log HTTP/1.1" 200 34084 "http://www.theknot.com/wedding/pepcid-and-rx" "Mozilla/5.0 (Windows NT 6.3; WOW64) AppleWebKit/537.36 (KHTML, like Gecko) Chrome/32.0.1700.76 Safari/537.36" "redlug.com"
91.116.246.72 - - [30/Jul/2015:21:14:58 -0700] "GET /logs/access.log HTTP/1.1" 200 34345 "-" "Mozilla/5.0 (X11; Linux x86_64; rv:2.0b8pre) Gecko/20101011 Firefox/4.0b8pre" "redlug.com"
31.184.238.128 - - [30/Jul/2015:21:15:38 -0700] "GET /logs/access.log HTTP/1.1" 200 34530 "http://www.theknot.com/wedding/without-and-cartiaxt" "Mozilla/5.0 (Windows NT 6.1) AppleWebKit/537.36 (KHTML, like Gecko) Chrome/32.0.1700.102 Safari/537.36" "redlug.com"
97.77.104.22 - - [30/Jul/2015:21:20:44 -0700] "GET /logs/ HTTP/1.1" 200 58097 "https://vk.com/needja" "Mozilla/5.0 (Windows NT 6.3; WOW64) AppleWebKit/537.36 (KHTML, like Gecko) Chrome/39.0.2171.71 Safari/537.36" "redlug.com"
45.59.26.25 - - [30/Jul/2015:21:22:16 -0700] "GET /logs/access_130616.log HTTP/1.1" 404 88 "http://redlug.com/" "Mozilla/5.0 (Windows NT 5.1; rv:34.0) Gecko/20100101 Firefox/34.0" "redlug.com"
45.59.26.25 - - [30/Jul/2015:21:22:16 -0700] "GET / HTTP/1.1" 200 1271 "http://redlug.com" "Mozilla/5.0 (Windows NT 5.1; rv:34.0) Gecko/20100101 Firefox/34.0" "redlug.com"
157.55.39.213 - - [30/Jul/2015:21:23:23 -0700] "GET /temp/BinsUTV0919.htm HTTP/1.1" 200 2041 "-" "Mozilla/5.0 (compatible; bingbot/2.0; +http://www.bing.com/bingbot.htm)" "redlug.com"
157.55.39.213 - - [30/Jul/2015:21:23:23 -0700] "GET /pdf/SCWpamphlet.pdf HTTP/1.1" 200 376103 "-" "Mozilla/5.0 (iPhone; CPU iPhone OS 7_0 like Mac OS X) AppleWebKit/537.51.1 (KHTML, like Gecko) Version/7.0 Mobile/11A465 Safari/9537.53 (compatible; bingbot/2.0;  http://www.bing.com/bingbot.htm)" "redlug.com"
31.184.238.128 - - [30/Jul/2015:21:26:14 -0700] "GET /logs/access.log HTTP/1.1" 200 35876 "http://www.theknot.com/wedding/zyvox-and-guaranteed" "Mozilla/5.0 (Windows NT 6.3; WOW64) AppleWebKit/537.36 (KHTML, like Gecko) Chrome/33.0.1750.146 Safari/537.36" "redlug.com"
31.184.238.128 - - [30/Jul/2015:21:28:50 -0700] "GET /logs/access.log HTTP/1.1" 200 36145 "http://www.theknot.com/wedding/purchasing-triamcinolone" "Mozilla/5.0 (Windows NT 5.1) AppleWebKit/537.36 (KHTML, like Gecko) Chrome/32.0.1700.107 Safari/537.36" "redlug.com"
45.59.156.222 - - [30/Jul/2015:21:31:49 -0700] "GET /logs/access.log HTTP/1.1" 200 4569 "http://redlug.com/" "Mozilla/5.0 (Windows NT 5.1) AppleWebKit/537.36 (KHTML, like Gecko) Chrome/39.0.2171.99 Safari/537.36" "redlug.com"
45.59.156.222 - - [30/Jul/2015:21:31:50 -0700] "GET /wp-login.php?action=register HTTP/1.1" 404 88 "http://redlug.com/" "Opera/9.80 (Windows NT 6.2; Win64; x64) Presto/2.12.388 Version/12.17" "redlug.com"
45.59.156.222 - - [30/Jul/2015:21:31:50 -0700] "GET /wp-login.php?action=register HTTP/1.1" 404 88 "http://redlug.com/wp-login.php?action=register" "Opera/9.80 (Windows NT 6.2; Win64; x64) Presto/2.12.388 Version/12.17" "redlug.com"
220.73.173.111 - - [30/Jul/2015:21:32:22 -0700] "GET /logs/ HTTP/1.1" 200 58097 "http://ok.ru/group/53420740837491" "Mozilla/5.0 (Windows NT 6.2; WOW64) AppleWebKit/537.36 (KHTML, like Gecko) Chrome/39.0.2171.71 Safari/537.36" "redlug.com"
155.108.4.211 - - [30/Jul/2015:21:35:37 -0700] "GET /logs/access.log HTTP/1.1" 200 4636 "http://redlug.com/" "Mozilla/5.0 (Windows NT 5.1) AppleWebKit/537.36 (KHTML, like Gecko) Chrome/39.0.2171.99 Safari/537.36" "redlug.com"
155.108.4.211 - - [30/Jul/2015:21:35:43 -0700] "GET /wp-login.php?action=register HTTP/1.1" 404 88 "http://redlug.com/" "Opera/9.80 (Windows NT 6.2; Win64; x64) Presto/2.12.388 Version/12.17" "redlug.com"
155.108.4.211 - - [30/Jul/2015:21:35:45 -0700] "GET /wp-login.php?action=register HTTP/1.1" 404 88 "http://redlug.com/wp-login.php?action=register" "Opera/9.80 (Windows NT 6.2; Win64; x64) Presto/2.12.388 Version/12.17" "redlug.com"
31.184.238.128 - - [30/Jul/2015:21:39:11 -0700] "GET /logs/access.log HTTP/1.1" 200 37979 "http://paroxetine-25mg-buy.tumblr.com" "Opera/9.80 (Windows NT 6.1; WOW64) Presto/2.12.388 Version/12.15" "redlug.com"
31.184.238.128 - - [30/Jul/2015:21:41:45 -0700] "GET /logs/access.log HTTP/1.1" 200 38189 "http://0v3rosuvastatin20mg.forumcircle.com" "Mozilla/5.0 (Windows NT 6.1) AppleWebKit/537.36 (KHTML, like Gecko) Chrome/30.0.1599.12785 YaBrowser/13.12.1599.12785 Safari/537.36" "redlug.com"
180.180.106.221 - - [30/Jul/2015:21:42:47 -0700] "GET /logs/access.log HTTP/1.1" 200 4735 "http://redlug.com/" "Mozilla/5.0 (Windows NT 5.1; rv:34.0) Gecko/20100101 Firefox/34.0" "redlug.com"
180.180.106.221 - - [30/Jul/2015:21:42:48 -0700] "GET /wp-login.php?action=register HTTP/1.1" 404 88 "http://redlug.com/" "Opera/9.80 (Windows NT 6.2; Win64; x64) Presto/2.12.388 Version/12.17" "redlug.com"
180.180.106.221 - - [30/Jul/2015:21:42:48 -0700] "GET /wp-login.php?action=register HTTP/1.1" 404 88 "http://redlug.com/wp-login.php?action=register" "Opera/9.80 (Windows NT 6.2; Win64; x64) Presto/2.12.388 Version/12.17" "redlug.com"
157.55.39.248 - - [30/Jul/2015:21:44:31 -0700] "GET /robots.txt HTTP/1.1" 200 37 "-" "Mozilla/5.0 (compatible; bingbot/2.0; +http://www.bing.com/bingbot.htm)" "redlug.com"
103.16.70.15 - - [30/Jul/2015:21:45:37 -0700] "GET /pdf/che_sos.pdf HTTP/1.1" 206 102565 "https://www.google.co.in/url?sa=t&rct=j&q=&esrc=s&source=web&cd=3&ved=0CCsQFjACahUKEwj6it7Mx4THAhXHGo4KHeMHBGM&url=http%3A%2F%2Fredlug.com%2Fpdf%2Fche_sos.pdf&ei=K_26VbrJOMe1uATjj5CYBg&usg=AFQjCNHQalH8Psq1hYH3lSkgJKtXNsW2jA&bvm=bv.99261572,d.c2E" "Mozilla/5.0 (Windows NT 6.3; WOW64; rv:39.0) Gecko/20100101 Firefox/39.0" "redlug.com"
103.16.70.15 - - [30/Jul/2015:21:45:38 -0700] "GET /pdf/che_sos.pdf HTTP/1.1" 206 51347 "https://www.google.co.in/url?sa=t&rct=j&q=&esrc=s&source=web&cd=3&ved=0CCsQFjACahUKEwj6it7Mx4THAhXHGo4KHeMHBGM&url=http%3A%2F%2Fredlug.com%2Fpdf%2Fche_sos.pdf&ei=K_26VbrJOMe1uATjj5CYBg&usg=AFQjCNHQalH8Psq1hYH3lSkgJKtXNsW2jA&bvm=bv.99261572,d.c2E" "Mozilla/5.0 (Windows NT 6.3; WOW64; rv:39.0) Gecko/20100101 Firefox/39.0" "redlug.com"
103.16.70.15 - - [30/Jul/2015:21:45:39 -0700] "GET /pdf/che_sos.pdf HTTP/1.1" 206 23311 "https://www.google.co.in/url?sa=t&rct=j&q=&esrc=s&source=web&cd=3&ved=0CCsQFjACahUKEwj6it7Mx4THAhXHGo4KHeMHBGM&url=http%3A%2F%2Fredlug.com%2Fpdf%2Fche_sos.pdf&ei=K_26VbrJOMe1uATjj5CYBg&usg=AFQjCNHQalH8Psq1hYH3lSkgJKtXNsW2jA&bvm=bv.99261572,d.c2E" "Mozilla/5.0 (Windows NT 6.3; WOW64; rv:39.0) Gecko/20100101 Firefox/39.0" "redlug.com"
103.16.70.15 - - [30/Jul/2015:21:45:40 -0700] "GET /pdf/che_sos.pdf HTTP/1.1" 206 17785 "https://www.google.co.in/url?sa=t&rct=j&q=&esrc=s&source=web&cd=3&ved=0CCsQFjACahUKEwj6it7Mx4THAhXHGo4KHeMHBGM&url=http%3A%2F%2Fredlug.com%2Fpdf%2Fche_sos.pdf&ei=K_26VbrJOMe1uATjj5CYBg&usg=AFQjCNHQalH8Psq1hYH3lSkgJKtXNsW2jA&bvm=bv.99261572,d.c2E" "Mozilla/5.0 (Windows NT 6.3; WOW64; rv:39.0) Gecko/20100101 Firefox/39.0" "redlug.com"
103.16.70.15 - - [30/Jul/2015:21:45:43 -0700] "GET /pdf/che_sos.pdf HTTP/1.1" 206 19980 "https://www.google.co.in/url?sa=t&rct=j&q=&esrc=s&source=web&cd=3&ved=0CCsQFjACahUKEwj6it7Mx4THAhXHGo4KHeMHBGM&url=http%3A%2F%2Fredlug.com%2Fpdf%2Fche_sos.pdf&ei=K_26VbrJOMe1uATjj5CYBg&usg=AFQjCNHQalH8Psq1hYH3lSkgJKtXNsW2jA&bvm=bv.99261572,d.c2E" "Mozilla/5.0 (Windows NT 6.3; WOW64; rv:39.0) Gecko/20100101 Firefox/39.0" "redlug.com"
103.16.70.15 - - [30/Jul/2015:21:45:46 -0700] "GET /pdf/che_sos.pdf HTTP/1.1" 206 522 "https://www.google.co.in/url?sa=t&rct=j&q=&esrc=s&source=web&cd=3&ved=0CCsQFjACahUKEwj6it7Mx4THAhXHGo4KHeMHBGM&url=http%3A%2F%2Fredlug.com%2Fpdf%2Fche_sos.pdf&ei=K_26VbrJOMe1uATjj5CYBg&usg=AFQjCNHQalH8Psq1hYH3lSkgJKtXNsW2jA&bvm=bv.99261572,d.c2E" "Mozilla/5.0 (Windows NT 6.3; WOW64; rv:39.0) Gecko/20100101 Firefox/39.0" "redlug.com"
103.16.70.15 - - [30/Jul/2015:21:45:48 -0700] "GET /pdf/che_sos.pdf HTTP/1.1" 206 772 "https://www.google.co.in/url?sa=t&rct=j&q=&esrc=s&source=web&cd=3&ved=0CCsQFjACahUKEwj6it7Mx4THAhXHGo4KHeMHBGM&url=http%3A%2F%2Fredlug.com%2Fpdf%2Fche_sos.pdf&ei=K_26VbrJOMe1uATjj5CYBg&usg=AFQjCNHQalH8Psq1hYH3lSkgJKtXNsW2jA&bvm=bv.99261572,d.c2E" "Mozilla/5.0 (Windows NT 6.3; WOW64; rv:39.0) Gecko/20100101 Firefox/39.0" "redlug.com"
180.180.118.134 - - [30/Jul/2015:21:46:01 -0700] "GET /logs/access.log HTTP/1.1" 200 5077 "http://redlug.com/" "Mozilla/5.0 (Windows NT 5.1; rv:34.0) Gecko/20100101 Firefox/34.0" "redlug.com"
180.180.118.134 - - [30/Jul/2015:21:46:03 -0700] "GET /wp-login.php?action=register HTTP/1.1" 404 88 "http://redlug.com/" "Opera/9.80 (Windows NT 6.2; Win64; x64) Presto/2.12.388 Version/12.17" "redlug.com"
180.180.118.134 - - [30/Jul/2015:21:46:03 -0700] "GET /wp-login.php?action=register HTTP/1.1" 404 88 "http://redlug.com/wp-login.php?action=register" "Opera/9.80 (Windows NT 6.2; Win64; x64) Presto/2.12.388 Version/12.17" "redlug.com"
122.172.84.36 - - [30/Jul/2015:21:47:29 -0700] "GET /logs/access.log HTTP/1.1" 200 5108 "https://www.google.co.in" "Mozilla/5.0 (X11; Ubuntu; Linux x86_64; rv:39.0) Gecko/20100101 Firefox/39.0" "redlug.com"
31.184.238.128 - - [30/Jul/2015:21:52:14 -0700] "GET /logs/access.log HTTP/1.1" 200 43083 "http://gravatar.com/vppentoxifylline" "Mozilla/5.0 (Windows NT 6.1; WOW64) AppleWebKit/537.36 (KHTML, like Gecko) Chrome/32.0.1700.107 Safari/537.36" "redlug.com"
31.184.238.128 - - [30/Jul/2015:21:54:46 -0700] "GET /logs/access.log HTTP/1.1" 200 43337 "http://www.theknot.com/wedding/ethinylestradiol-and-low" "Mozilla/5.0 (Windows NT 6.1; WOW64; rv:27.0) Gecko/20100101 Firefox/27.0" "redlug.com"
180.180.229.20 - - [30/Jul/2015:22:01:17 -0700] "GET /logs/access.log HTTP/1.1" 200 5207 "http://redlug.com/" "Mozilla/5.0 (Windows NT 5.1; rv:34.0) Gecko/20100101 Firefox/34.0" "redlug.com"
180.180.229.20 - - [30/Jul/2015:22:01:17 -0700] "GET /wp-login.php?action=register HTTP/1.1" 404 88 "http://redlug.com/" "Opera/9.80 (Windows NT 6.2; Win64; x64) Presto/2.12.388 Version/12.17" "redlug.com"
180.180.229.20 - - [30/Jul/2015:22:01:18 -0700] "GET /wp-login.php?action=register HTTP/1.1" 404 88 "http://redlug.com/wp-login.php?action=register" "Opera/9.80 (Windows NT 6.2; Win64; x64) Presto/2.12.388 Version/12.17" "redlug.com"
100.43.91.24 - - [30/Jul/2015:22:01:31 -0700] "GET /paper2004JD/0409Dessian.htm HTTP/1.1" 200 1315 "-" "Mozilla/5.0 (compatible; YandexBot/3.0; +http://yandex.com/bots)" "redlug.com"
31.184.238.128 - - [30/Jul/2015:22:05:25 -0700] "GET /logs/access.log HTTP/1.1" 200 44387 "http://thyroxinehhs.over-blog.com" "Opera/9.80 (Windows NT 6.1; WOW64) Presto/2.12.388 Version/12.15" "redlug.com"
100.43.90.9 - - [30/Jul/2015:22:07:39 -0700] "GET /Documents/SocToday.htm HTTP/1.1" 200 23248 "-" "Mozilla/5.0 (compatible; YandexBot/3.0; +http://yandex.com/bots)" "redlug.com"
31.184.238.128 - - [30/Jul/2015:22:08:00 -0700] "GET /logs/access.log HTTP/1.1" 200 44771 "http://www.theknot.com/wedding/diamox-and-no" "Mozilla/5.0 (Windows NT 6.1) AppleWebKit/537.36 (KHTML, like Gecko) Chrome/32.0.1700.76 Safari/537.36" "redlug.com"
162.246.18.39 - - [30/Jul/2015:22:08:16 -0700] "GET /logs/access.log HTTP/1.1" 200 5965 "http://redlug.com/" "Mozilla/5.0 (Windows NT 5.1; rv:34.0) Gecko/20100101 Firefox/34.0" "redlug.com"
211.141.82.246 - - [30/Jul/2015:22:11:31 -0700] "GET /logs/ HTTP/1.1" 200 58097 "http://www.afto-service.ru/" "Mozilla/5.0 (Windows NT 6.1) AppleWebKit/537.36 (KHTML, like Gecko) Chrome/37.0.2062.124 Safari/537.36" "redlug.com"
188.138.1.229 - - [30/Jul/2015:22:13:22 -0700] "GET /logs/ HTTP/1.1" 200 58097 "-" "Opera/9.80 (Windows NT 6.1; U; zh-cn) Presto/2.7.62 Version/11.01" "redlug.com"
188.138.1.229 - - [30/Jul/2015:22:13:24 -0700] "GET /logs/access_150731.log HTTP/1.1" 200 661097 "-" "Opera/9.80 (Windows NT 6.1; U; zh-cn) Presto/2.7.62 Version/11.01" "redlug.com"
91.116.246.72 - - [30/Jul/2015:22:16:34 -0700] "GET /logs/access.log HTTP/1.1" 200 45789 "-" "Mozilla/5.0 (X11; Linux x86_64; rv:2.0b8pre) Gecko/20101011 Firefox/4.0b8pre" "redlug.com"
31.184.238.128 - - [30/Jul/2015:22:18:35 -0700] "GET /logs/access.log HTTP/1.1" 200 45974 "http://www.theknot.com/wedding/sinequan-and-low" "Opera/9.80 (Windows NT 6.1; WOW64) Presto/2.12.388 Version/12.16" "redlug.com"
31.184.238.128 - - [30/Jul/2015:22:21:05 -0700] "GET /logs/access.log HTTP/1.1" 200 46194 "http://ordertamsulosinonline.over-blog.com" "Mozilla/5.0 (Windows NT 6.3; WOW64; rv:27.0) Gecko/20100101 Firefox/27.0" "redlug.com"
31.184.238.128 - - [30/Jul/2015:22:31:28 -0700] "GET /logs/access.log HTTP/1.1" 200 46417 "http://mirtazapine30mgh6.over-blog.com" "Mozilla/5.0 (Windows NT 6.1; WOW64) AppleWebKit/537.36 (KHTML, like Gecko) Chrome/30.0.1599.13014 YaBrowser/13.12.1599.13014 Safari/537.36" "redlug.com"
157.55.39.212 - - [30/Jul/2015:22:33:04 -0700] "GET /pdf/?C=N;O=D HTTP/1.1" 200 697 "-" "Mozilla/5.0 (compatible; bingbot/2.0; +http://www.bing.com/bingbot.htm)" "redlug.com"
31.184.238.128 - - [30/Jul/2015:22:34:01 -0700] "GET /logs/access.log HTTP/1.1" 200 46877 "http://gravatar.com/ordervasoteconlinewithoutscript" "Mozilla/5.0 (Windows NT 6.1) AppleWebKit/537.36 (KHTML, like Gecko) Chrome/30.0.1599.12785 YaBrowser/13.12.1599.12785 Safari/537.36" "redlug.com"
117.169.6.115 - - [30/Jul/2015:22:34:45 -0700] "GET /logs/access.log HTTP/1.1" 200 5624 "http://redlug.com/" "Mozilla/5.0 (Windows NT 5.1; rv:34.0) Gecko/20100101 Firefox/34.0" "redlug.com"
117.169.1.57 - - [30/Jul/2015:22:34:59 -0700] "GET /logs/access.log HTTP/1.1" 200 6255 "http://redlug.com/" "Mozilla/5.0 (Windows NT 5.1; rv:34.0) Gecko/20100101 Firefox/34.0" "redlug.com"
117.169.1.57 - - [30/Jul/2015:22:35:00 -0700] "GET /wp-login.php?action=register HTTP/1.1" 404 88 "http://redlug.com/" "Opera/9.80 (Windows NT 6.2; Win64; x64) Presto/2.12.388 Version/12.17" "redlug.com"
117.169.1.57 - - [30/Jul/2015:22:35:02 -0700] "GET /wp-login.php?action=register HTTP/1.1" 404 88 "http://redlug.com/wp-login.php?action=register" "Opera/9.80 (Windows NT 6.2; Win64; x64) Presto/2.12.388 Version/12.17" "redlug.com"
117.169.6.128 - - [30/Jul/2015:22:35:31 -0700] "GET /wp-login.php?action=register HTTP/1.1" 404 88 "http://redlug.com/" "Opera/9.80 (Windows NT 6.2; Win64; x64) Presto/2.12.388 Version/12.17" "redlug.com"
117.169.6.128 - - [30/Jul/2015:22:35:34 -0700] "GET /wp-login.php?action=register HTTP/1.1" 404 88 "http://redlug.com/wp-login.php?action=register" "Opera/9.80 (Windows NT 6.2; Win64; x64) Presto/2.12.388 Version/12.17" "redlug.com"
212.83.173.51 - - [30/Jul/2015:22:36:03 -0700] "GET /logs/access.log HTTP/1.1" 200 6302 "http://redlug.com/" "Mozilla/5.0 (Windows NT 5.1) AppleWebKit/537.36 (KHTML, like Gecko) Chrome/39.0.2171.99 Safari/537.36" "redlug.com"
36.83.97.215 - - [30/Jul/2015:22:38:15 -0700] "GET /wp-login.php?action=register HTTP/1.1" 404 88 "http://redlug.com/wp-login.php?action=register" "Opera/9.80 (Windows NT 6.2; Win64; x64) Presto/2.12.388 Version/12.17" "redlug.com"
36.83.97.215 - - [30/Jul/2015:22:38:18 -0700] "GET /logs/access.log HTTP/1.1" 200 5732 "http://redlug.com/" "Opera/9.80 (Windows NT 6.2; Win64; x64) Presto/2.12.388 Version/12.17" "redlug.com"
31.184.238.128 - - [30/Jul/2015:22:44:32 -0700] "GET /logs/access.log HTTP/1.1" 200 49072 "http://gravatar.com/reslisizztatites" "Mozilla/5.0 (Windows NT 6.1) AppleWebKit/537.36 (KHTML, like Gecko) Chrome/33.0.1750.146 Safari/537.36" "redlug.com"
31.184.238.128 - - [30/Jul/2015:22:47:09 -0700] "GET /logs/access.log HTTP/1.1" 200 49319 "http://www.theknot.com/wedding/bicalutamide-and-rx" "Mozilla/5.0 (Windows NT 6.0) AppleWebKit/537.36 (KHTML, like Gecko) Chrome/33.0.1750.146 Safari/537.36" "redlug.com"
